// Jest Snapshot v1, https://goo.gl/fbAQLP

exports[`TypeScript errors are not increased 1`] = `2`;

exports[`TypeScript errors are not increased 2`] = `
Object {
  "src/example.ts": Array [
    "(4,13): error TS2554: Expected 2 arguments, but got 3.",
    "(6,18): error TS2554: Expected 2 arguments, but got 3.",
  ],
}
`;
